2026-05-09 09:57:19 | INFO     | ============================================================
2026-05-09 09:57:19 | INFO     |    SISTEMA SOFTWARE FJ - INICIADO
2026-05-09 09:57:19 | INFO     | ============================================================
2026-05-09 09:57:19 | INFO     | SERVICIO AGREGADO | [SALA] Sala Conferencias A | Capacidad: 20 personas | Precio: \/h | Rango: 1h-12h | Disponible
2026-05-09 09:57:19 | INFO     | SERVICIO AGREGADO | [EQUIPO] Laptop HP EliteBook (Laptop) | Precio: \/h | Rango: 1h-24h | Deposito: 20% | Disponible
2026-05-09 09:57:19 | INFO     | SERVICIO AGREGADO | [ASESORIA] Asesoria Arquitectura Software | Area: Ingenieria de Software | Nivel: Senior (x1.5) | Precio: \/h | Cargo sesion: \ | Disponible
2026-05-09 09:57:19 | INFO     | CLIENTE REGISTRADO | Cliente [BB11ECB2] | Nombre: Ana Garcia Lopez | Email: ana.garcia@empresa.com | Tel: 3001234567 | Estado: Activo | Reservas: 0
2026-05-09 09:57:19 | INFO     | CLIENTE REGISTRADO | Cliente [8C66BA8C] | Nombre: Carlos Mendoza Ruiz | Email: carlos.m@startup.co | Tel: +57 310 987 6543 | Estado: Activo | Reservas: 0
2026-05-09 09:57:19 | ERROR    | REGISTRO FALLIDO | Pedro Sin Email | Error: El email 'no-es-email' no es válido. Use: usuario@dominio.com
2026-05-09 09:57:19 | ERROR    | REGISTRO FALLIDO | Ana Copia | Error: Ya existe un cliente con el email ana.garcia@empresa.com.
2026-05-09 09:57:19 | ERROR    | REGISTRO FALLIDO | AB | Error: El nombre debe tener al menos 3 caracteres.
2026-05-09 09:57:19 | CRITICAL | ERROR INESPERADO creando reserva: name 'Reserva' is not defined
2026-05-09 09:57:19 | CRITICAL | ERROR INESPERADO creando reserva: name 'Reserva' is not defined
2026-05-09 09:57:19 | CRITICAL | ERROR INESPERADO creando reserva: name 'Reserva' is not defined
2026-05-09 09:57:19 | CRITICAL | ERROR INESPERADO creando reserva: name 'Reserva' is not defined
2026-05-09 09:57:19 | ERROR    | CREAR RESERVA FALLIDA | Error: No se encontro cliente con email noexiste@correo.com.
2026-05-09 09:57:19 | CRITICAL | ERROR INESPERADO creando reserva: name 'Reserva' is not defined
2026-05-09 10:01:37 | INFO     | ============================================================
2026-05-09 10:01:37 | INFO     |    SISTEMA SOFTWARE FJ - INICIADO
2026-05-09 10:01:37 | INFO     | ============================================================
2026-05-09 10:01:37 | INFO     | SERVICIO AGREGADO | [SALA] Sala Conferencias A | Capacidad: 20 personas | Precio: \/h | Rango: 1h-12h | Disponible
2026-05-09 10:01:37 | INFO     | SERVICIO AGREGADO | [EQUIPO] Laptop HP EliteBook (Laptop) | Precio: \/h | Rango: 1h-24h | Deposito: 20% | Disponible
2026-05-09 10:01:37 | INFO     | SERVICIO AGREGADO | [ASESORIA] Asesoria Arquitectura Software | Area: Ingenieria de Software | Nivel: Senior (x1.5) | Precio: \/h | Cargo sesion: \ | Disponible
2026-05-09 10:01:37 | INFO     | CLIENTE REGISTRADO | Cliente [976EE6E6] | Nombre: Ana Garcia Lopez | Email: ana.garcia@empresa.com | Tel: 3001234567 | Estado: Activo | Reservas: 0
2026-05-09 10:01:37 | INFO     | CLIENTE REGISTRADO | Cliente [D351FEEF] | Nombre: Carlos Mendoza Ruiz | Email: carlos.m@startup.co | Tel: +57 310 987 6543 | Estado: Activo | Reservas: 0
2026-05-09 10:01:37 | ERROR    | REGISTRO FALLIDO | Pedro Sin Email | Error: El email 'no-es-email' no es válido. Use: usuario@dominio.com
2026-05-09 10:01:37 | ERROR    | REGISTRO FALLIDO | Ana Copia | Error: Ya existe un cliente con el email ana.garcia@empresa.com.
2026-05-09 10:01:37 | ERROR    | REGISTRO FALLIDO | AB | Error: El nombre debe tener al menos 3 caracteres.
2026-05-09 10:01:37 | CRITICAL | ERROR INESPERADO creando reserva: name 'Reserva' is not defined
2026-05-09 10:01:37 | CRITICAL | ERROR INESPERADO creando reserva: name 'Reserva' is not defined
2026-05-09 10:01:37 | CRITICAL | ERROR INESPERADO creando reserva: name 'Reserva' is not defined
2026-05-09 10:01:37 | CRITICAL | ERROR INESPERADO creando reserva: name 'Reserva' is not defined
2026-05-09 10:01:37 | ERROR    | CREAR RESERVA FALLIDA | Error: No se encontro cliente con email noexiste@correo.com.
2026-05-09 10:01:37 | CRITICAL | ERROR INESPERADO creando reserva: name 'Reserva' is not defined
